Renesas Optimizing Linker (V3.02.00 )             07-Dec-2020 16:29:52

*** Options ***

-subcommand=Linkeraws_tests.tmp
-MAKEUD=C:\Renesas\Workspace\rx72n\amazon-freertos\projects\renesas\rx72n-envision-kit\e2studio\aws_tests\HardwareDebug/aws_tests_l.ud
-noprelink
-input=".\freertos_kernel/portable/Renesas/RX600v2\port_asm.obj"
-input=".\application_code/demos/dev_mode_key_provisioning/src\aws_dev_mode_key_provisioning.obj"
-input=".\application_code\main.obj"
-input=".\application_code/renesas_code/frtos_startup\freertos_object_init.obj"
-input=".\application_code/renesas_code\main_task.obj"
-input=".\application_code/renesas_code/utility\r_simple_filesystem_on_dataflash.obj"
-input=".\application_code/tests/common\aws_test.obj"
-input=".\application_code/tests/common\aws_test_framework.obj"
-input=".\application_code/tests/common\aws_test_runner.obj"
-input=".\application_code/tests/common\iot_test_freertos.obj"
-input=".\application_code/tests/common\iot_tests_network.obj"
-input=".\freertos_kernel\event_groups.obj"
-input=".\freertos_kernel\list.obj"
-input=".\freertos_kernel/portable/MemMang\heap_4.obj"
-input=".\freertos_kernel/portable/Renesas/RX600v2\port.obj"
-input=".\freertos_kernel\queue.obj"
-input=".\freertos_kernel\stream_buffer.obj"
-input=".\freertos_kernel\tasks.obj"
-input=".\freertos_kernel\timers.obj"
-input=".\libraries/3rdparty/http_parser\http_parser.obj"
-input=".\libraries/3rdparty/jsmn\jsmn.obj"
-input=".\libraries/3rdparty/mbedtls/library\aes.obj"
-input=".\libraries/3rdparty/mbedtls/library\aesni.obj"
-input=".\libraries/3rdparty/mbedtls/library\arc4.obj"
-input=".\libraries/3rdparty/mbedtls/library\aria.obj"
-input=".\libraries/3rdparty/mbedtls/library\asn1parse.obj"
-input=".\libraries/3rdparty/mbedtls/library\asn1write.obj"
-input=".\libraries/3rdparty/mbedtls/library\base64.obj"
-input=".\libraries/3rdparty/mbedtls/library\bignum.obj"
-input=".\libraries/3rdparty/mbedtls/library\blowfish.obj"
-input=".\libraries/3rdparty/mbedtls/library\camellia.obj"
-input=".\libraries/3rdparty/mbedtls/library\ccm.obj"
-input=".\libraries/3rdparty/mbedtls/library\certs.obj"
-input=".\libraries/3rdparty/mbedtls/library\chacha20.obj"
-input=".\libraries/3rdparty/mbedtls/library\chachapoly.obj"
-input=".\libraries/3rdparty/mbedtls/library\cipher.obj"
-input=".\libraries/3rdparty/mbedtls/library\cipher_wrap.obj"
-input=".\libraries/3rdparty/mbedtls/library\cmac.obj"
-input=".\libraries/3rdparty/mbedtls/library\ctr_drbg.obj"
-input=".\libraries/3rdparty/mbedtls/library\debug.obj"
-input=".\libraries/3rdparty/mbedtls/library\des.obj"
-input=".\libraries/3rdparty/mbedtls/library\dhm.obj"
-input=".\libraries/3rdparty/mbedtls/library\ecdh.obj"
-input=".\libraries/3rdparty/mbedtls/library\ecdsa.obj"
-input=".\libraries/3rdparty/mbedtls/library\ecjpake.obj"
-input=".\libraries/3rdparty/mbedtls/library\ecp.obj"
-input=".\libraries/3rdparty/mbedtls/library\ecp_curves.obj"
-input=".\libraries/3rdparty/mbedtls/library\entropy.obj"
-input=".\libraries/3rdparty/mbedtls/library\entropy_poll.obj"
-input=".\libraries/3rdparty/mbedtls/library\error.obj"
-input=".\libraries/3rdparty/mbedtls/library\gcm.obj"
-input=".\libraries/3rdparty/mbedtls/library\havege.obj"
-input=".\libraries/3rdparty/mbedtls/library\hkdf.obj"
-input=".\libraries/3rdparty/mbedtls/library\hmac_drbg.obj"
-input=".\libraries/3rdparty/mbedtls/library\md.obj"
-input=".\libraries/3rdparty/mbedtls/library\md2.obj"
-input=".\libraries/3rdparty/mbedtls/library\md4.obj"
-input=".\libraries/3rdparty/mbedtls/library\md5.obj"
-input=".\libraries/3rdparty/mbedtls/library\md_wrap.obj"
-input=".\libraries/3rdparty/mbedtls/library\memory_buffer_alloc.obj"
-input=".\libraries/3rdparty/mbedtls/library\net_sockets.obj"
-input=".\libraries/3rdparty/mbedtls/library\nist_kw.obj"
-input=".\libraries/3rdparty/mbedtls/library\oid.obj"
-input=".\libraries/3rdparty/mbedtls/library\padlock.obj"
-input=".\libraries/3rdparty/mbedtls/library\pem.obj"
-input=".\libraries/3rdparty/mbedtls/library\pk.obj"
-input=".\libraries/3rdparty/mbedtls/library\pk_wrap.obj"
-input=".\libraries/3rdparty/mbedtls/library\pkcs11.obj"
-input=".\libraries/3rdparty/mbedtls/library\pkcs12.obj"
-input=".\libraries/3rdparty/mbedtls/library\pkcs5.obj"
-input=".\libraries/3rdparty/mbedtls/library\pkparse.obj"
-input=".\libraries/3rdparty/mbedtls/library\pkwrite.obj"
-input=".\libraries/3rdparty/mbedtls/library\platform.obj"
-input=".\libraries/3rdparty/mbedtls/library\platform_util.obj"
-input=".\libraries/3rdparty/mbedtls/library\poly1305.obj"
-input=".\libraries/3rdparty/mbedtls/library\ripemd160.obj"
-input=".\libraries/3rdparty/mbedtls/library\rsa.obj"
-input=".\libraries/3rdparty/mbedtls/library\rsa_internal.obj"
-input=".\libraries/3rdparty/mbedtls/library\sha1.obj"
-input=".\libraries/3rdparty/mbedtls/library\sha256.obj"
-input=".\libraries/3rdparty/mbedtls/library\sha512.obj"
-input=".\libraries/3rdparty/mbedtls/library\ssl_cache.obj"
-input=".\libraries/3rdparty/mbedtls/library\ssl_ciphersuites.obj"
-input=".\libraries/3rdparty/mbedtls/library\ssl_cli.obj"
-input=".\libraries/3rdparty/mbedtls/library\ssl_cookie.obj"
-input=".\libraries/3rdparty/mbedtls/library\ssl_srv.obj"
-input=".\libraries/3rdparty/mbedtls/library\ssl_ticket.obj"
-input=".\libraries/3rdparty/mbedtls/library\ssl_tls.obj"
-input=".\libraries/3rdparty/mbedtls/library\threading.obj"
-input=".\libraries/3rdparty/mbedtls/library\timing.obj"
-input=".\libraries/3rdparty/mbedtls/library\version.obj"
-input=".\libraries/3rdparty/mbedtls/library\version_features.obj"
-input=".\libraries/3rdparty/mbedtls/library\x509.obj"
-input=".\libraries/3rdparty/mbedtls/library\x509_create.obj"
-input=".\libraries/3rdparty/mbedtls/library\x509_crl.obj"
-input=".\libraries/3rdparty/mbedtls/library\x509_crt.obj"
-input=".\libraries/3rdparty/mbedtls/library\x509_csr.obj"
-input=".\libraries/3rdparty/mbedtls/library\x509write_crt.obj"
-input=".\libraries/3rdparty/mbedtls/library\x509write_csr.obj"
-input=".\libraries/3rdparty/mbedtls/library\xtea.obj"
-input=".\libraries/3rdparty/mbedtls_utils\mbedtls_error.obj"
-input=".\libraries/3rdparty/mbedtls_utils\mbedtls_utils.obj"
-input=".\libraries/3rdparty/tinycbor/src\cborencoder.obj"
-input=".\libraries/3rdparty/tinycbor/src\cborencoder_close_container_checked.obj"
-input=".\libraries/3rdparty/tinycbor/src\cborerrorstrings.obj"
-input=".\libraries/3rdparty/tinycbor/src\cborparser.obj"
-input=".\libraries/3rdparty/tinycbor/src\cborparser_dup_string.obj"
-input=".\libraries/3rdparty/tinycbor/src\cborpretty.obj"
-input=".\libraries/3rdparty/tinycbor/src\cborpretty_stdio.obj"
-input=".\libraries/3rdparty/unity/extras/fixture/src\unity_fixture.obj"
-input=".\libraries/3rdparty/unity/src\unity.obj"
-input=".\libraries/abstractions/pkcs11/corePKCS11/source\core_pkcs11.obj"
-input=".\libraries/abstractions/pkcs11/corePKCS11/source\core_pki_utils.obj"
-input=".\libraries/abstractions/pkcs11/corePKCS11/source/portable/mbedtls\core_pkcs11_mbedtls.obj"
-input=".\libraries/abstractions/pkcs11/test\iot_test_pkcs11.obj"
-input=".\libraries/abstractions/platform/freertos\iot_clock_freertos.obj"
-input=".\libraries/abstractions/platform/freertos\iot_metrics.obj"
-input=".\libraries/abstractions/platform/freertos\iot_network_freertos.obj"
-input=".\libraries/abstractions/platform/freertos\iot_threads_freertos.obj"
-input=".\libraries/abstractions/platform/test\iot_test_platform_clock.obj"
-input=".\libraries/abstractions/platform/test\iot_test_platform_threads.obj"
-input=".\libraries/abstractions/retry_utils/freertos\retry_utils_freertos.obj"
-input=".\libraries/abstractions/secure_sockets/freertos_plus_tcp\iot_secure_sockets.obj"
-input=".\libraries/abstractions/secure_sockets/test\iot_test_tcp.obj"
-input=".\libraries/abstractions/transport/secure_sockets\transport_secure_sockets.obj"
-input=".\libraries/c_sdk/standard/common\iot_device_metrics.obj"
-input=".\libraries/c_sdk/standard/common\iot_init.obj"
-input=".\libraries/c_sdk/standard/common\iot_static_memory_common.obj"
-input=".\libraries/c_sdk/standard/common/taskpool\iot_taskpool.obj"
-input=".\libraries/c_sdk/standard/common/taskpool\iot_taskpool_static_memory.obj"
-input=".\libraries/c_sdk/standard/common/test\iot_memory_leak.obj"
-input=".\libraries/c_sdk/standard/common/test\iot_tests_taskpool.obj"
-input=".\libraries/c_sdk/standard/https/src\iot_https_client.obj"
-input=".\libraries/c_sdk/standard/https/src\iot_https_utils.obj"
-input=".\libraries/c_sdk/standard/https/test/system\iot_tests_https_system.obj"
-input=".\libraries/c_sdk/standard/https/test/unit\iot_tests_https_async.obj"
-input=".\libraries/c_sdk/standard/https/test/unit\iot_tests_https_client.obj"
-input=".\libraries/c_sdk/standard/https/test/unit\iot_tests_https_common.obj"
-input=".\libraries/c_sdk/standard/https/test/unit\iot_tests_https_sync.obj"
-input=".\libraries/c_sdk/standard/https/test/unit\iot_tests_https_utils.obj"
-input=".\libraries/c_sdk/standard/mqtt/src\iot_mqtt_agent.obj"
-input=".\libraries/c_sdk/standard/mqtt/src\iot_mqtt_api.obj"
-input=".\libraries/c_sdk/standard/mqtt/src\iot_mqtt_context_connection.obj"
-input=".\libraries/c_sdk/standard/mqtt/src\iot_mqtt_managed_function_wrapper.obj"
-input=".\libraries/c_sdk/standard/mqtt/src\iot_mqtt_mutex_wrapper.obj"
-input=".\libraries/c_sdk/standard/mqtt/src\iot_mqtt_network.obj"
-input=".\libraries/c_sdk/standard/mqtt/src\iot_mqtt_operation.obj"
-input=".\libraries/c_sdk/standard/mqtt/src\iot_mqtt_publish_duplicates.obj"
-input=".\libraries/c_sdk/standard/mqtt/src\iot_mqtt_serializer_deserializer_wrapper.obj"
-input=".\libraries/c_sdk/standard/mqtt/src\iot_mqtt_static_memory.obj"
-input=".\libraries/c_sdk/standard/mqtt/src\iot_mqtt_subscription.obj"
-input=".\libraries/c_sdk/standard/mqtt/src\iot_mqtt_subscription_container.obj"
-input=".\libraries/c_sdk/standard/mqtt/src\iot_mqtt_validate.obj"
-input=".\libraries/c_sdk/standard/mqtt/test\iot_test_mqtt_agent.obj"
-input=".\libraries/c_sdk/standard/mqtt/test/mock\iot_tests_mqtt_mock.obj"
-input=".\libraries/c_sdk/standard/mqtt/test/system\iot_tests_mqtt_system.obj"
-input=".\libraries/c_sdk/standard/mqtt/test/unit\iot_tests_mqtt_api.obj"
-input=".\libraries/c_sdk/standard/mqtt/test/unit\iot_tests_mqtt_metrics.obj"
-input=".\libraries/c_sdk/standard/mqtt/test/unit\iot_tests_mqtt_receive.obj"
-input=".\libraries/c_sdk/standard/mqtt/test/unit\iot_tests_mqtt_subscription.obj"
-input=".\libraries/c_sdk/standard/mqtt/test/unit\iot_tests_mqtt_validate.obj"
-input=".\libraries/c_sdk/standard/serializer/src/cbor\iot_serializer_tinycbor_decoder.obj"
-input=".\libraries/c_sdk/standard/serializer/src/cbor\iot_serializer_tinycbor_encoder.obj"
-input=".\libraries/c_sdk/standard/serializer/src\iot_json_utils.obj"
-input=".\libraries/c_sdk/standard/serializer/src\iot_serializer_static_memory.obj"
-input=".\libraries/c_sdk/standard/serializer/src/json\iot_serializer_json_decoder.obj"
-input=".\libraries/c_sdk/standard/serializer/src/json\iot_serializer_json_encoder.obj"
-input=".\libraries/c_sdk/standard/serializer/test\iot_tests_deserializer_json.obj"
-input=".\libraries/c_sdk/standard/serializer/test\iot_tests_serializer_cbor.obj"
-input=".\libraries/c_sdk/standard/serializer/test\iot_tests_serializer_json.obj"
-input=".\libraries/coreJSON/source\core_json.obj"
-input=".\libraries/coreMQTT/source\core_mqtt.obj"
-input=".\libraries/coreMQTT/source\core_mqtt_serializer.obj"
-input=".\libraries/coreMQTT/source\core_mqtt_state.obj"
-input=".\libraries/freertos_plus/standard/crypto/src\iot_crypto.obj"
-input=".\libraries/freertos_plus/standard/crypto/test\iot_test_crypto.obj"
-input=".\libraries/freertos_plus/standard/freertos_plus_tcp\FreeRTOS_ARP.obj"
-input=".\libraries/freertos_plus/standard/freertos_plus_tcp\FreeRTOS_DHCP.obj"
-input=".\libraries/freertos_plus/standard/freertos_plus_tcp\FreeRTOS_DNS.obj"
-input=".\libraries/freertos_plus/standard/freertos_plus_tcp\FreeRTOS_IP.obj"
-input=".\libraries/freertos_plus/standard/freertos_plus_tcp\FreeRTOS_Sockets.obj"
-input=".\libraries/freertos_plus/standard/freertos_plus_tcp\FreeRTOS_Stream_Buffer.obj"
-input=".\libraries/freertos_plus/standard/freertos_plus_tcp\FreeRTOS_TCP_IP.obj"
-input=".\libraries/freertos_plus/standard/freertos_plus_tcp\FreeRTOS_TCP_WIN.obj"
-input=".\libraries/freertos_plus/standard/freertos_plus_tcp\FreeRTOS_UDP_IP.obj"
-input=".\libraries/freertos_plus/standard/freertos_plus_tcp/portable/BufferManagement\BufferAllocation_2.obj"
-input=".\libraries/freertos_plus/standard/freertos_plus_tcp/portable/NetworkInterface/RX\NetworkInterface.obj"
-input=".\libraries/freertos_plus/standard/freertos_plus_tcp/portable/NetworkInterface/RX\ether_callback.obj"
-input=".\libraries/freertos_plus/standard/tls/src\iot_tls.obj"
-input=".\libraries/freertos_plus/standard/tls/test\iot_test_tls.obj"
-input=".\libraries/freertos_plus/standard/utils/src\iot_system_init.obj"
-input=".\libraries/logging\iot_logging.obj"
-input=".\libraries/logging\iot_logging_task_dynamic_buffers.obj"
-input=".\vendors/renesas/amazon_freertos_common/compiler_support/ccrx\exit.obj"
-input=".\vendors/renesas/amazon_freertos_common\entropy_hardware_poll.obj"
-input=".\vendors/renesas/amazon_freertos_common\freertos_start.obj"
-input=".\vendors/renesas/amazon_freertos_common/network_support/onchip_rx_ether\freertos_ip_hook.obj"
-input=".\vendors/renesas/amazon_freertos_common\serial_term_uart.obj"
-input=".\vendors/renesas/boards/rx72n-envision-kit/aws_tests/src/smc_gen/general\r_cg_hardware_setup.obj"
-input=".\vendors/renesas/boards/rx72n-envision-kit/aws_tests/src/smc_gen/general\r_smc_cgc.obj"
-input=".\vendors/renesas/boards/rx72n-envision-kit/aws_tests/src/smc_gen/general\r_smc_cgc_user.obj"
-input=".\vendors/renesas/boards/rx72n-envision-kit/aws_tests/src/smc_gen/general\r_smc_interrupt.obj"
-input=".\vendors/renesas/boards/rx72n-envision-kit/aws_tests/src/smc_gen/r_bsp/board/generic_rx72n\hwsetup.obj"
-input=".\vendors/renesas/boards/rx72n-envision-kit/aws_tests/src/smc_gen/r_bsp/mcu/all\dbsct.obj"
-input=".\vendors/renesas/boards/rx72n-envision-kit/aws_tests/src/smc_gen/r_bsp/mcu/all\lowlvl.obj"
-input=".\vendors/renesas/boards/rx72n-envision-kit/aws_tests/src/smc_gen/r_bsp/mcu/all\lowsrc.obj"
-input=".\vendors/renesas/boards/rx72n-envision-kit/aws_tests/src/smc_gen/r_bsp/mcu/all\mcu_locks.obj"
-input=".\vendors/renesas/boards/rx72n-envision-kit/aws_tests/src/smc_gen/r_bsp/mcu/all\r_bsp_common.obj"
-input=".\vendors/renesas/boards/rx72n-envision-kit/aws_tests/src/smc_gen/r_bsp/mcu/all\r_bsp_cpu.obj"
-input=".\vendors/renesas/boards/rx72n-envision-kit/aws_tests/src/smc_gen/r_bsp/mcu/all\r_bsp_interrupts.obj"
-input=".\vendors/renesas/boards/rx72n-envision-kit/aws_tests/src/smc_gen/r_bsp/mcu/all\r_bsp_locking.obj"
-input=".\vendors/renesas/boards/rx72n-envision-kit/aws_tests/src/smc_gen/r_bsp/mcu/all\r_bsp_mcu_startup.obj"
-input=".\vendors/renesas/boards/rx72n-envision-kit/aws_tests/src/smc_gen/r_bsp/mcu/all\r_bsp_software_interrupt.obj"
-input=".\vendors/renesas/boards/rx72n-envision-kit/aws_tests/src/smc_gen/r_bsp/mcu/all\r_rx_intrinsic_functions.obj"
-input=".\vendors/renesas/boards/rx72n-envision-kit/aws_tests/src/smc_gen/r_bsp/mcu/all\resetprg.obj"
-input=".\vendors/renesas/boards/rx72n-envision-kit/aws_tests/src/smc_gen/r_bsp/mcu/all\sbrk.obj"
-input=".\vendors/renesas/boards/rx72n-envision-kit/aws_tests/src/smc_gen/r_bsp/mcu/rx72n\mcu_clocks.obj"
-input=".\vendors/renesas/boards/rx72n-envision-kit/aws_tests/src/smc_gen/r_bsp/mcu/rx72n\mcu_init.obj"
-input=".\vendors/renesas/boards/rx72n-envision-kit/aws_tests/src/smc_gen/r_bsp/mcu/rx72n\mcu_interrupts.obj"
-input=".\vendors/renesas/boards/rx72n-envision-kit/aws_tests/src/smc_gen/r_bsp/mcu/rx72n\mcu_mapped_interrupts.obj"
-input=".\vendors/renesas/boards/rx72n-envision-kit/aws_tests/src/smc_gen/r_bsp/mcu/rx72n\vecttbl.obj"
-input=".\vendors/renesas/boards/rx72n-envision-kit/aws_tests/src/smc_gen/r_byteq/src\r_byteq.obj"
-input=".\vendors/renesas/boards/rx72n-envision-kit/aws_tests/src/smc_gen/r_ether_rx/src/phy\phy.obj"
-input=".\vendors/renesas/boards/rx72n-envision-kit/aws_tests/src/smc_gen/r_ether_rx/src\r_ether_rx.obj"
-input=".\vendors/renesas/boards/rx72n-envision-kit/aws_tests/src/smc_gen/r_ether_rx/src/targets/rx72n\r_ether_setting_rx72n.obj"
-input=".\vendors/renesas/boards/rx72n-envision-kit/aws_tests/src/smc_gen/r_flash_rx/src/flash_type_1\r_codeflash.obj"
-input=".\vendors/renesas/boards/rx72n-envision-kit/aws_tests/src/smc_gen/r_flash_rx/src/flash_type_1\r_codeflash_extra.obj"
-input=".\vendors/renesas/boards/rx72n-envision-kit/aws_tests/src/smc_gen/r_flash_rx/src/flash_type_1\r_dataflash.obj"
-input=".\vendors/renesas/boards/rx72n-envision-kit/aws_tests/src/smc_gen/r_flash_rx/src/flash_type_1\r_flash_type1.obj"
-input=".\vendors/renesas/boards/rx72n-envision-kit/aws_tests/src/smc_gen/r_flash_rx/src/flash_type_1\r_flash_utils.obj"
-input=".\vendors/renesas/boards/rx72n-envision-kit/aws_tests/src/smc_gen/r_flash_rx/src/flash_type_3\r_flash_type3.obj"
-input=".\vendors/renesas/boards/rx72n-envision-kit/aws_tests/src/smc_gen/r_flash_rx/src/flash_type_4\r_flash_type4.obj"
-input=".\vendors/renesas/boards/rx72n-envision-kit/aws_tests/src/smc_gen/r_flash_rx/src\r_flash_fcu.obj"
-input=".\vendors/renesas/boards/rx72n-envision-kit/aws_tests/src/smc_gen/r_flash_rx/src\r_flash_group.obj"
-input=".\vendors/renesas/boards/rx72n-envision-kit/aws_tests/src/smc_gen/r_flash_rx/src\r_flash_rx.obj"
-input=".\vendors/renesas/boards/rx72n-envision-kit/aws_tests/src/smc_gen/r_pincfg\Pin.obj"
-input=".\vendors/renesas/boards/rx72n-envision-kit/aws_tests/src/smc_gen/r_pincfg\r_ether_rx_pinset.obj"
-input=".\vendors/renesas/boards/rx72n-envision-kit/aws_tests/src/smc_gen/r_pincfg\r_sci_rx_pinset.obj"
-input=".\vendors/renesas/boards/rx72n-envision-kit/aws_tests/src/smc_gen/r_s12ad_rx/src\r_s12ad_rx.obj"
-input=".\vendors/renesas/boards/rx72n-envision-kit/aws_tests/src/smc_gen/r_s12ad_rx/src/targets/rx72n\r_s12ad_rx72n.obj"
-input=".\vendors/renesas/boards/rx72n-envision-kit/aws_tests/src/smc_gen/r_sci_rx/src\r_sci_rx.obj"
-input=".\vendors/renesas/boards/rx72n-envision-kit/aws_tests/src/smc_gen/r_sci_rx/src/targets/rx72n\r_sci_rx72n.obj"
-input=".\vendors/renesas/boards/rx72n-envision-kit/aws_tests/src/smc_gen/r_sci_rx/src/targets/rx72n\r_sci_rx72n_data.obj"
-input=".\vendors/renesas/boards/rx72n-envision-kit/ports/pkcs11\core_pkcs11_pal.obj"
-library=".\aws_tests.lib"
-start=SU,SI,B_1,R_1,B_2,R_2,B,R,B_8,R_8,RPFRAM2/04,B_ETHERNET_BUFFERS_1,B_RX_DESC_1,B_TX_DESC_1/060000,C_PKCS11_STORAGE*/0100000,C_SYSTEM_CONFIG*/0104800,C_1,C_2,C,C_8,C$*,D*,W*,L,P*/0FFE00000,EXCEPTVECT/0FFFFFF80,RESETVECT/0FFFFFFFC
-output="aws_tests.abs"
-form=absolute
-nomessage
-vect=_undefined_interrupt_source_isr
-list=aws_tests.map
-nooptimize
-rom=D=R,D_1=R_1,D_2=R_2,D_8=R_8
-cpu=RAM=00000000-0007ffff,FIX=00080000-00083fff,FIX=00086000-00087fff,FIX=00088000-0009ffff,FIX=000a0000-000a3fff,RAM=000a4000-000a5fff,FIX=000a6000-000bffff,FIX=000c0000-000dffff,FIX=000e0000-000fffff,ROM=00100000-00107fff,FIX=007fc000-007fcfff,FIX=007fe000-007fffff,RAM=00800000-0087ffff,RAM=00ff8000-00ffffff,RAM=fe7f5d00-fe7f5d7f,RAM=fe7f7d70-fe7f7d9f,ROM=ffc00000-ffffffff
-nologo

*** Error information ***

W0561100:Cannot find "SU" specified in option "start"

*** Mapping List ***

SECTION                            START      END         SIZE   ALIGN
SI
                                  00000004  00001003      1000   4
B_1
                                  00001004  0004277c     41779   1
R_1
                                  0004277d  000445cc      1e50   1
B_2
                                  000445ce  000445d9         c   2
R_2
                                  000445da  000445e7         e   2
B
                                  000445e8  0004d4cf      8ee8   4
R
                                  0004d4d0  0005af67      da98   4
B_8
                                  0005af68  0005af68         0   1
R_8
                                  0005af68  0005af87        20   8
RPFRAM2
                                  0005af88  0005af88         0   1
B_ETHERNET_BUFFERS_1
                                  00060000  00065fff      6000   1
B_RX_DESC_1
                                  00066000  0006607f        80   1
B_TX_DESC_1
                                  00066080  000660ff        80   1
C_PKCS11_STORAGE
                                  00100000  00101fff      2000   4
C_PKCS11_STORAGE_MIRROR
                                  00102000  00103fff      2000   4
C_SYSTEM_CONFIG
                                  00104800  00104bff       400   4
C_SYSTEM_CONFIG_MIRROR
                                  00104c00  00104fff       400   4
$ADDR_C_FE7F5D00
                                  fe7f5d00  fe7f5d0b         c   1
$ADDR_C_FE7F5D10
                                  fe7f5d10  fe7f5d13         4   1
$ADDR_C_FE7F5D20
                                  fe7f5d20  fe7f5d23         4   1
$ADDR_C_FE7F5D40
                                  fe7f5d40  fe7f5d43         4   1
$ADDR_C_FE7F5D48
                                  fe7f5d48  fe7f5d4b         4   1
$ADDR_C_FE7F5D50
                                  fe7f5d50  fe7f5d5f        10   1
$ADDR_C_FE7F5D64
                                  fe7f5d64  fe7f5d67         4   1
$ADDR_C_FE7F5D70
                                  fe7f5d70  fe7f5d73         4   1
C_1
                                  ffe00000  ffe0491e      491f   1
C_2
                                  ffe04920  ffe04d61       442   2
C
                                  ffe04d64  ffe085f7      3894   4
C_8
                                  ffe085f8  ffe08737       140   8
C$DSEC
                                  ffe08738  ffe08767        30   4
C$BSEC
                                  ffe08768  ffe08787        20   4
C$VECT
                                  ffe08788  ffe08b87       400   4
D_1
                                  ffe08b88  ffe0a9d7      1e50   1
D
                                  ffe0a9d8  ffe1846f      da98   4
D_2
                                  ffe18470  ffe1847d         e   2
D_8
                                  ffe18480  ffe1849f        20   8
W
                                  ffe184a0  ffe184a0         0   4
W_1
                                  ffe184a0  ffe18511        72   1
W_2
                                  ffe18512  ffe1864f       13e   2
L
                                  ffe18650  ffe32304     19cb5   4
P
                                  ffe32305  ffeb5c8d     83989   1
PFRAM2
                                  ffeb5c8e  ffeb5eb4       227   1
PFRAM
                                  ffeb5eb5  ffeb763f      178b   1
EXCEPTVECT
                                  ffffff80  fffffffb        7c   4
RESETVECT
                                  fffffffc  ffffffff         4   4
