Renesas Optimizing Linker (V3.02.00 )             08-Dec-2020 10:47:09

*** Options ***

-subcommand=Linkeraws_tests.tmp
-MAKEUD=C:\Renesas\Workspace\rx72n\amazon-freertos\projects\renesas\rx72n-envision-kit\e2studio\aws_tests\HardwareDebug/aws_tests_l.ud
-noprelink
-input=".\freertos_kernel/portable/Renesas/RX600v2\port_asm.obj"
-input=".\application_code\main.obj"
-input=".\application_code/renesas_code/frtos_startup\freertos_object_init.obj"
-input=".\application_code/renesas_code\main_task.obj"
-input=".\application_code/renesas_code/utility\r_simple_filesystem_on_dataflash.obj"
-input=".\freertos_kernel\event_groups.obj"
-input=".\freertos_kernel\list.obj"
-input=".\freertos_kernel/portable/MemMang\heap_4.obj"
-input=".\freertos_kernel/portable/Renesas/RX600v2\port.obj"
-input=".\freertos_kernel\queue.obj"
-input=".\freertos_kernel\stream_buffer.obj"
-input=".\freertos_kernel\tasks.obj"
-input=".\freertos_kernel\timers.obj"
-input=".\libraries/freertos_plus/standard/freertos_plus_tcp\FreeRTOS_ARP.obj"
-input=".\libraries/freertos_plus/standard/freertos_plus_tcp\FreeRTOS_DHCP.obj"
-input=".\libraries/freertos_plus/standard/freertos_plus_tcp\FreeRTOS_DNS.obj"
-input=".\libraries/freertos_plus/standard/freertos_plus_tcp\FreeRTOS_IP.obj"
-input=".\libraries/freertos_plus/standard/freertos_plus_tcp\FreeRTOS_Sockets.obj"
-input=".\libraries/freertos_plus/standard/freertos_plus_tcp\FreeRTOS_Stream_Buffer.obj"
-input=".\libraries/freertos_plus/standard/freertos_plus_tcp\FreeRTOS_TCP_IP.obj"
-input=".\libraries/freertos_plus/standard/freertos_plus_tcp\FreeRTOS_TCP_WIN.obj"
-input=".\libraries/freertos_plus/standard/freertos_plus_tcp\FreeRTOS_UDP_IP.obj"
-input=".\libraries/freertos_plus/standard/freertos_plus_tcp/portable/BufferManagement\BufferAllocation_2.obj"
-input=".\libraries/freertos_plus/standard/freertos_plus_tcp/portable/NetworkInterface/RX\NetworkInterface.obj"
-input=".\libraries/freertos_plus/standard/freertos_plus_tcp/portable/NetworkInterface/RX\ether_callback.obj"
-input=".\libraries/logging\iot_logging.obj"
-input=".\libraries/logging\iot_logging_task_dynamic_buffers.obj"
-input=".\vendors/renesas/amazon_freertos_common/compiler_support/ccrx\exit.obj"
-input=".\vendors/renesas/amazon_freertos_common\entropy_hardware_poll.obj"
-input=".\vendors/renesas/amazon_freertos_common\freertos_start.obj"
-input=".\vendors/renesas/amazon_freertos_common/network_support/onchip_rx_ether\freertos_ip_hook.obj"
-input=".\vendors/renesas/amazon_freertos_common\serial_term_uart.obj"
-input=".\vendors/renesas/boards/rx72n-envision-kit/aws_tests/src/smc_gen/general\r_cg_hardware_setup.obj"
-input=".\vendors/renesas/boards/rx72n-envision-kit/aws_tests/src/smc_gen/general\r_smc_cgc.obj"
-input=".\vendors/renesas/boards/rx72n-envision-kit/aws_tests/src/smc_gen/general\r_smc_cgc_user.obj"
-input=".\vendors/renesas/boards/rx72n-envision-kit/aws_tests/src/smc_gen/general\r_smc_interrupt.obj"
-input=".\vendors/renesas/boards/rx72n-envision-kit/aws_tests/src/smc_gen/r_bsp/board/generic_rx72n\hwsetup.obj"
-input=".\vendors/renesas/boards/rx72n-envision-kit/aws_tests/src/smc_gen/r_bsp/mcu/all\dbsct.obj"
-input=".\vendors/renesas/boards/rx72n-envision-kit/aws_tests/src/smc_gen/r_bsp/mcu/all\lowlvl.obj"
-input=".\vendors/renesas/boards/rx72n-envision-kit/aws_tests/src/smc_gen/r_bsp/mcu/all\lowsrc.obj"
-input=".\vendors/renesas/boards/rx72n-envision-kit/aws_tests/src/smc_gen/r_bsp/mcu/all\mcu_locks.obj"
-input=".\vendors/renesas/boards/rx72n-envision-kit/aws_tests/src/smc_gen/r_bsp/mcu/all\r_bsp_common.obj"
-input=".\vendors/renesas/boards/rx72n-envision-kit/aws_tests/src/smc_gen/r_bsp/mcu/all\r_bsp_cpu.obj"
-input=".\vendors/renesas/boards/rx72n-envision-kit/aws_tests/src/smc_gen/r_bsp/mcu/all\r_bsp_interrupts.obj"
-input=".\vendors/renesas/boards/rx72n-envision-kit/aws_tests/src/smc_gen/r_bsp/mcu/all\r_bsp_locking.obj"
-input=".\vendors/renesas/boards/rx72n-envision-kit/aws_tests/src/smc_gen/r_bsp/mcu/all\r_bsp_mcu_startup.obj"
-input=".\vendors/renesas/boards/rx72n-envision-kit/aws_tests/src/smc_gen/r_bsp/mcu/all\r_bsp_software_interrupt.obj"
-input=".\vendors/renesas/boards/rx72n-envision-kit/aws_tests/src/smc_gen/r_bsp/mcu/all\r_rx_intrinsic_functions.obj"
-input=".\vendors/renesas/boards/rx72n-envision-kit/aws_tests/src/smc_gen/r_bsp/mcu/all\resetprg.obj"
-input=".\vendors/renesas/boards/rx72n-envision-kit/aws_tests/src/smc_gen/r_bsp/mcu/all\sbrk.obj"
-input=".\vendors/renesas/boards/rx72n-envision-kit/aws_tests/src/smc_gen/r_bsp/mcu/rx72n\mcu_clocks.obj"
-input=".\vendors/renesas/boards/rx72n-envision-kit/aws_tests/src/smc_gen/r_bsp/mcu/rx72n\mcu_init.obj"
-input=".\vendors/renesas/boards/rx72n-envision-kit/aws_tests/src/smc_gen/r_bsp/mcu/rx72n\mcu_interrupts.obj"
-input=".\vendors/renesas/boards/rx72n-envision-kit/aws_tests/src/smc_gen/r_bsp/mcu/rx72n\mcu_mapped_interrupts.obj"
-input=".\vendors/renesas/boards/rx72n-envision-kit/aws_tests/src/smc_gen/r_bsp/mcu/rx72n\vecttbl.obj"
-input=".\vendors/renesas/boards/rx72n-envision-kit/aws_tests/src/smc_gen/r_byteq/src\r_byteq.obj"
-input=".\vendors/renesas/boards/rx72n-envision-kit/aws_tests/src/smc_gen/r_ether_rx/src/phy\phy.obj"
-input=".\vendors/renesas/boards/rx72n-envision-kit/aws_tests/src/smc_gen/r_ether_rx/src\r_ether_rx.obj"
-input=".\vendors/renesas/boards/rx72n-envision-kit/aws_tests/src/smc_gen/r_ether_rx/src/targets/rx72n\r_ether_setting_rx72n.obj"
-input=".\vendors/renesas/boards/rx72n-envision-kit/aws_tests/src/smc_gen/r_flash_rx/src/flash_type_1\r_codeflash.obj"
-input=".\vendors/renesas/boards/rx72n-envision-kit/aws_tests/src/smc_gen/r_flash_rx/src/flash_type_1\r_codeflash_extra.obj"
-input=".\vendors/renesas/boards/rx72n-envision-kit/aws_tests/src/smc_gen/r_flash_rx/src/flash_type_1\r_dataflash.obj"
-input=".\vendors/renesas/boards/rx72n-envision-kit/aws_tests/src/smc_gen/r_flash_rx/src/flash_type_1\r_flash_type1.obj"
-input=".\vendors/renesas/boards/rx72n-envision-kit/aws_tests/src/smc_gen/r_flash_rx/src/flash_type_1\r_flash_utils.obj"
-input=".\vendors/renesas/boards/rx72n-envision-kit/aws_tests/src/smc_gen/r_flash_rx/src/flash_type_3\r_flash_type3.obj"
-input=".\vendors/renesas/boards/rx72n-envision-kit/aws_tests/src/smc_gen/r_flash_rx/src/flash_type_4\r_flash_type4.obj"
-input=".\vendors/renesas/boards/rx72n-envision-kit/aws_tests/src/smc_gen/r_flash_rx/src\r_flash_fcu.obj"
-input=".\vendors/renesas/boards/rx72n-envision-kit/aws_tests/src/smc_gen/r_flash_rx/src\r_flash_group.obj"
-input=".\vendors/renesas/boards/rx72n-envision-kit/aws_tests/src/smc_gen/r_flash_rx/src\r_flash_rx.obj"
-input=".\vendors/renesas/boards/rx72n-envision-kit/aws_tests/src/smc_gen/r_pincfg\Pin.obj"
-input=".\vendors/renesas/boards/rx72n-envision-kit/aws_tests/src/smc_gen/r_pincfg\r_ether_rx_pinset.obj"
-input=".\vendors/renesas/boards/rx72n-envision-kit/aws_tests/src/smc_gen/r_pincfg\r_sci_rx_pinset.obj"
-input=".\vendors/renesas/boards/rx72n-envision-kit/aws_tests/src/smc_gen/r_s12ad_rx/src\r_s12ad_rx.obj"
-input=".\vendors/renesas/boards/rx72n-envision-kit/aws_tests/src/smc_gen/r_s12ad_rx/src/targets/rx72n\r_s12ad_rx72n.obj"
-input=".\vendors/renesas/boards/rx72n-envision-kit/aws_tests/src/smc_gen/r_sci_rx/src\r_sci_rx.obj"
-input=".\vendors/renesas/boards/rx72n-envision-kit/aws_tests/src/smc_gen/r_sci_rx/src/targets/rx72n\r_sci_rx72n.obj"
-input=".\vendors/renesas/boards/rx72n-envision-kit/aws_tests/src/smc_gen/r_sci_rx/src/targets/rx72n\r_sci_rx72n_data.obj"
-input=".\vendors/renesas/boards/rx72n-envision-kit/ports/pkcs11\core_pkcs11_pal.obj"
-library=".\aws_tests.lib"
-start=SU,SI,B_1,R_1,B_2,R_2,B,R,B_8,R_8,RPFRAM2/04,B_ETHERNET_BUFFERS_1,B_RX_DESC_1,B_TX_DESC_1/060000,C_PKCS11_STORAGE*/0100000,C_SYSTEM_CONFIG*/0104800,C_1,C_2,C,C_8,C$*,D*,W*,L,P*/0FFE00000,EXCEPTVECT/0FFFFFF80,RESETVECT/0FFFFFFFC
-output="aws_tests.abs"
-form=absolute
-nomessage
-vect=_undefined_interrupt_source_isr
-list=aws_tests.map
-nooptimize
-rom=D=R,D_1=R_1,D_2=R_2,D_8=R_8
-cpu=RAM=00000000-0007ffff,FIX=00080000-00083fff,FIX=00086000-00087fff,FIX=00088000-0009ffff,FIX=000a0000-000a3fff,RAM=000a4000-000a5fff,FIX=000a6000-000bffff,FIX=000c0000-000dffff,FIX=000e0000-000fffff,ROM=00100000-00107fff,FIX=007fc000-007fcfff,FIX=007fe000-007fffff,RAM=00800000-0087ffff,RAM=00ff8000-00ffffff,RAM=fe7f5d00-fe7f5d7f,RAM=fe7f7d70-fe7f7d9f,ROM=ffc00000-ffffffff
-nologo

*** Error information ***

E0562310:Undefined external symbol "_ulApplicationGetNextSequenceNumber" referenced in ".\libraries\freertos_plus\standard\freertos_plus_tcp\FreeRTOS_TCP_IP.obj"
E0562310:Undefined external symbol "_mbedtls_sha256_init" referenced in ".\application_code\renesas_code\utility\r_simple_filesystem_on_dataflash.obj"
E0562310:Undefined external symbol "_mbedtls_sha256_init" referenced in ".\vendors\renesas\boards\rx72n-envision-kit\ports\pkcs11\core_pkcs11_pal.obj"
E0562310:Undefined external symbol "_Unity" referenced in ".\freertos_kernel\event_groups.obj"
E0562310:Undefined external symbol "_Unity" referenced in ".\freertos_kernel\portable\MemMang\heap_4.obj"
E0562310:Undefined external symbol "_Unity" referenced in ".\freertos_kernel\portable\Renesas\RX600v2\port.obj"
E0562310:Undefined external symbol "_Unity" referenced in ".\freertos_kernel\queue.obj"
E0562310:Undefined external symbol "_Unity" referenced in ".\freertos_kernel\stream_buffer.obj"
E0562310:Undefined external symbol "_Unity" referenced in ".\freertos_kernel\tasks.obj"
E0562310:Undefined external symbol "_Unity" referenced in ".\freertos_kernel\timers.obj"
E0562310:Undefined external symbol "_Unity" referenced in ".\libraries\freertos_plus\standard\freertos_plus_tcp\FreeRTOS_ARP.obj"
E0562310:Undefined external symbol "_Unity" referenced in ".\libraries\freertos_plus\standard\freertos_plus_tcp\FreeRTOS_DNS.obj"
E0562310:Undefined external symbol "_Unity" referenced in ".\libraries\freertos_plus\standard\freertos_plus_tcp\FreeRTOS_IP.obj"
E0562310:Undefined external symbol "_Unity" referenced in ".\libraries\freertos_plus\standard\freertos_plus_tcp\FreeRTOS_Sockets.obj"
E0562310:Undefined external symbol "_Unity" referenced in ".\libraries\freertos_plus\standard\freertos_plus_tcp\FreeRTOS_TCP_IP.obj"
E0562310:Undefined external symbol "_Unity" referenced in ".\libraries\freertos_plus\standard\freertos_plus_tcp\FreeRTOS_TCP_WIN.obj"
E0562310:Undefined external symbol "_Unity" referenced in ".\libraries\freertos_plus\standard\freertos_plus_tcp\FreeRTOS_UDP_IP.obj"
E0562310:Undefined external symbol "_Unity" referenced in ".\libraries\freertos_plus\standard\freertos_plus_tcp\portable\BufferManagement\BufferAllocation_2.obj"
E0562310:Undefined external symbol "_Unity" referenced in ".\libraries\logging\iot_logging_task_dynamic_buffers.obj"
E0562310:Undefined external symbol "_Unity" referenced in ".\vendors\renesas\amazon_freertos_common\freertos_start.obj"
E0562310:Undefined external symbol "_mbedtls_sha256_finish_ret" referenced in ".\application_code\renesas_code\utility\r_simple_filesystem_on_dataflash.obj"
E0562310:Undefined external symbol "_mbedtls_sha256_finish_ret" referenced in ".\vendors\renesas\boards\rx72n-envision-kit\ports\pkcs11\core_pkcs11_pal.obj"
E0562310:Undefined external symbol "_xApplicationGetRandomNumber" referenced in ".\libraries\freertos_plus\standard\freertos_plus_tcp\FreeRTOS_DHCP.obj"
E0562310:Undefined external symbol "_xApplicationGetRandomNumber" referenced in ".\libraries\freertos_plus\standard\freertos_plus_tcp\FreeRTOS_DNS.obj"
E0562310:Undefined external symbol "_xApplicationGetRandomNumber" referenced in ".\libraries\freertos_plus\standard\freertos_plus_tcp\FreeRTOS_Sockets.obj"
E0562310:Undefined external symbol "_vApplicationMallocFailedHook" referenced in ".\freertos_kernel\portable\MemMang\heap_4.obj"
E0562310:Undefined external symbol "_mbedtls_sha256_update_ret" referenced in ".\application_code\renesas_code\utility\r_simple_filesystem_on_dataflash.obj"
E0562310:Undefined external symbol "_mbedtls_sha256_update_ret" referenced in ".\vendors\renesas\boards\rx72n-envision-kit\ports\pkcs11\core_pkcs11_pal.obj"
E0562310:Undefined external symbol "_IotClock_GetTimestring" referenced in ".\libraries\logging\iot_logging.obj"
E0562310:Undefined external symbol "_CRYPTO_Init" referenced in ".\vendors\renesas\boards\rx72n-envision-kit\ports\pkcs11\core_pkcs11_pal.obj"
E0562310:Undefined external symbol "_vApplicationGetIdleTaskMemory" referenced in ".\freertos_kernel\tasks.obj"
E0562310:Undefined external symbol "_vApplicationGetTimerTaskMemory" referenced in ".\freertos_kernel\timers.obj"
E0562310:Undefined external symbol "_mbedtls_sha256_starts_ret" referenced in ".\application_code\renesas_code\utility\r_simple_filesystem_on_dataflash.obj"
E0562310:Undefined external symbol "_mbedtls_sha256_starts_ret" referenced in ".\vendors\renesas\boards\rx72n-envision-kit\ports\pkcs11\core_pkcs11_pal.obj"
